#
# There is insufficient memory for the Java Runtime Environment to continue.
# Native memory allocation (mmap) failed to map 65536 bytes. Error detail: Failed to commit metaspace.
# Possible reasons:
#   The system is out of physical RAM or swap space
#   This process is running with CompressedOops enabled, and the Java Heap may be blocking the growth of the native heap
# Possible solutions:
#   Reduce memory load on the system
#   Increase physical memory or swap space
#   Check if swap backing store is full
#   Decrease Java heap size (-Xmx/-Xms)
#   Decrease number of Java threads
#   Decrease Java thread stack sizes (-Xss)
#   Set larger code cache with -XX:ReservedCodeCacheSize=
#   JVM is running with Unscaled Compressed Oops mode in which the Java heap is
#     placed in the first 4GB address space. The Java Heap base address is the
#     maximum limit for the native heap growth. Please use -XX:HeapBaseMinAddress
#     to set the Java Heap base and to place the Java Heap above 4GB virtual address.
# This output file may be truncated or incomplete.
#
#  Out of Memory Error (virtualSpaceNode.cpp:110), pid=10900, tid=7968
#
# JRE version: OpenJDK Runtime Environment Microsoft-11369865 (17.0.15+6) (build 17.0.15+6-LTS)
# Java VM: OpenJDK 64-Bit Server VM Microsoft-11369865 (17.0.15+6-LTS, mixed mode, tiered, compressed oops, compressed class ptrs, g1 gc, windows-amd64)
# No core dump will be written. Minidumps are not enabled by default on client versions of Windows
#

---------------  S U M M A R Y ------------

Command Line: -Xmx64m -Xms64m -Dorg.gradle.appname=gradlew D:\VoltX\android\\gradle\wrapper\gradle-wrapper.jar app:installDebug -PreactNativeDevServerPort=8081

Host: Intel(R) Core(TM) i5-5300U CPU @ 2.30GHz, 4 cores, 7G,  Windows 10 , 64 bit Build 19041 (10.0.19041.5915)
Time: Mon Jun 30 01:22:09 2025 Pakistan Standard Time elapsed time: 0.345451 seconds (0d 0h 0m 0s)

---------------  T H R E A D  ---------------

Current thread (0x000001f86122eca0):  JavaThread "main" [_thread_in_vm, id=7968, stack(0x000000b487600000,0x000000b487700000)]

Stack: [0x000000b487600000,0x000000b487700000]
Native frames: (J=compiled Java code, j=interpreted, Vv=VM code, C=native code)
V  [jvm.dll+0x6887a9]
V  [jvm.dll+0x83f5a8]
V  [jvm.dll+0x841053]
V  [jvm.dll+0x8416c3]
V  [jvm.dll+0x2496ef]
V  [jvm.dll+0x83b35d]
V  [jvm.dll+0x62cb0e]
V  [jvm.dll+0x62cb7a]
V  [jvm.dll+0x62f3a3]
V  [jvm.dll+0x62d4b6]
V  [jvm.dll+0x6373b7]
V  [jvm.dll+0x1eb48d]
V  [jvm.dll+0x1eb995]
V  [jvm.dll+0x1ec33c]
V  [jvm.dll+0x1e19f1]
V  [jvm.dll+0x54bd14]
V  [jvm.dll+0x1f262a]
V  [jvm.dll+0x7b88ae]
V  [jvm.dll+0x7b9cd9]
V  [jvm.dll+0x7ba038]
V  [jvm.dll+0x24120b]
V  [jvm.dll+0x24144f]
V  [jvm.dll+0x56a0f3]
V  [jvm.dll+0x56c5c4]
V  [jvm.dll+0x38a6eb]
V  [jvm.dll+0x38a192]
C  0x000001f8702c8a15

The last pc belongs to getstatic (printed below).
Java frames: (J=compiled Java code, j=interpreted, Vv=VM code)
j  java.lang.invoke.InnerClassLambdaMetafactory.<clinit>()V+16 java.base@17.0.15
v  ~StubRoutines::call_stub
j  java.lang.invoke.LambdaMetafactory.metafactory(Ljava/lang/invoke/MethodHandles$Lookup;Ljava/lang/String;Ljava/lang/invoke/MethodType;Ljava/lang/invoke/MethodType;Ljava/lang/invoke/MethodHandle;Ljava/lang/invoke/MethodType;)Ljava/lang/invoke/CallSite;+0 java.base@17.0.15
j  java.lang.invoke.DirectMethodHandle$Holder.invokeStatic(Ljava/lang/Object;Ljava/lang/Object;Ljava/lang/Object;Ljava/lang/Object;Ljava/lang/Object;Ljava/lang/Object;Ljava/lang/Object;)Ljava/lang/Object;+20 java.base@17.0.15
j  java.lang.invoke.Invokers$Holder.invokeExact_MT(Ljava/lang/Object;Ljava/lang/Object;Ljava/lang/Object;Ljava/lang/Object;Ljava/lang/Object;Ljava/lang/Object;Ljava/lang/Object;Ljava/lang/Object;)Ljava/lang/Object;+28 java.base@17.0.15
j  java.lang.invoke.BootstrapMethodInvoker.invoke(Ljava/lang/Class;Ljava/lang/invoke/MethodHandle;Ljava/lang/String;Ljava/lang/Object;Ljava/lang/Object;Ljava/lang/Class;)Ljava/lang/Object;+319 java.base@17.0.15
j  java.lang.invoke.CallSite.makeSite(Ljava/lang/invoke/MethodHandle;Ljava/lang/String;Ljava/lang/invoke/MethodType;Ljava/lang/Object;Ljava/lang/Class;)Ljava/lang/invoke/CallSite;+8 java.base@17.0.15
j  java.lang.invoke.MethodHandleNatives.linkCallSiteImpl(Ljava/lang/Class;Ljava/lang/invoke/MethodHandle;Ljava/lang/String;Ljava/lang/invoke/MethodType;Ljava/lang/Object;[Ljava/lang/Object;)Ljava/lang/invoke/MemberName;+6 java.base@17.0.15
j  java.lang.invoke.MethodHandleNatives.linkCallSite(Ljava/lang/Object;ILjava/lang/Object;Ljava/lang/Object;Ljava/lang/Object;Ljava/lang/Object;[Ljava/lang/Object;)Ljava/lang/invoke/MemberName;+46 java.base@17.0.15
v  ~StubRoutines::call_stub
j  java.util.regex.Pattern.Single(I)Ljava/util/regex/Pattern$BmpCharPredicate;+1 java.base@17.0.15
j  java.util.regex.Pattern.single(I)Ljava/util/regex/Pattern$CharPredicate;+78 java.base@17.0.15
j  java.util.regex.Pattern.atom()Ljava/util/regex/Pattern$Node;+404 java.base@17.0.15
j  java.util.regex.Pattern.sequence(Ljava/util/regex/Pattern$Node;)Ljava/util/regex/Pattern$Node;+345 java.base@17.0.15
j  java.util.regex.Pattern.expr(Ljava/util/regex/Pattern$Node;)Ljava/util/regex/Pattern$Node;+12 java.base@17.0.15
j  java.util.regex.Pattern.group0()Ljava/util/regex/Pattern$Node;+655 java.base@17.0.15
j  java.util.regex.Pattern.sequence(Ljava/util/regex/Pattern$Node;)Ljava/util/regex/Pattern$Node;+137 java.base@17.0.15
j  java.util.regex.Pattern.expr(Ljava/util/regex/Pattern$Node;)Ljava/util/regex/Pattern$Node;+12 java.base@17.0.15
j  java.util.regex.Pattern.compile()V+222 java.base@17.0.15
j  java.util.regex.Pattern.<init>(Ljava/lang/String;I)V+108 java.base@17.0.15
j  java.util.regex.Pattern.compile(Ljava/lang/String;)Ljava/util/regex/Pattern;+6 java.base@17.0.15
j  org.gradle.cli.CommandLineParser.<clinit>()V+12
v  ~StubRoutines::call_stub
j  org.gradle.wrapper.GradleWrapperMain.main([Ljava/lang/String;)V+90
v  ~StubRoutines::call_stub
getstatic  178 getstatic  [0x000001f8702c8960, 0x000001f8702c8b60]  512 bytes
[MachCode]
  0x000001f8702c8960: 4883 ec08 | c5fa 1104 | 24eb 1f48 | 83ec 10c5 | fb11 0424 | eb14 4883 | ec10 4889 | 0424 48c7 
  0x000001f8702c8980: 4424 0800 | 0000 00eb | 0150 410f | b755 0148 | 8b4d d0c1 | e202 8b5c | d120 c1eb | 1081 e3ff 
  0x000001f8702c89a0: 0000 0081 | fbb2 0000 | 000f 84b6 | 0000 00bb | b200 0000 | e805 0000 | 00e9 9b00 | 0000 488b 
  0x000001f8702c89c0: d348 8d44 | 2408 4c89 | 6dc0 498b | cfc5 f877 | 4989 afa8 | 0200 0049 | 8987 9802 | 0000 4883 
  0x000001f8702c89e0: ec20 f7c4 | 0f00 0000 | 0f84 1a00 | 0000 4883 | ec08 49ba | 30a1 1c97 | ff7f 0000 | 41ff d248 
  0x000001f8702c8a00: 83c4 08e9 | 0d00 0000 | 49ba 30a1 | 1c97 ff7f | 0000 41ff | d248 83c4 | 2049 c787 | 9802 0000 
  0x000001f8702c8a20: 0000 0000 | 49c7 87a8 | 0200 0000 | 0000 0049 | c787 a002 | 0000 0000 | 0000 c5f8 | 7749 817f 
  0x000001f8702c8a40: 0800 0000 | 000f 8405 | 0000 00e9 | b084 feff | 4c8b 6dc0 | 4c8b 75c8 | c341 0fb7 | 5501 488b 
  0x000001f8702c8a60: 4dd0 c1e2 | 0248 8b5c | d130 8b44 | d138 4c8b | 4cd1 284d | 8b49 704d | 8b09 c1e8 | 1c83 e00f 
  0x000001f8702c8a80: 0f85 0b00 | 0000 410f | be04 1950 | e9b1 0000 | 0083 f801 | 0f85 0b00 | 0000 410f | b604 1950 
  0x000001f8702c8aa0: e99d 0000 | 0083 f808 | 0f85 0a00 | 0000 418b | 0419 50e9 | 8a00 0000 | 83f8 040f | 850a 0000 
  0x000001f8702c8ac0: 0041 8b04 | 1950 e977 | 0000 0083 | f802 0f85 | 0b00 0000 | 410f b704 | 1950 e963 | 0000 0083 
  0x000001f8702c8ae0: f803 0f85 | 0b00 0000 | 410f bf04 | 1950 e94f | 0000 0083 | f805 0f85 | 1a00 0000 | 498b 0419 
  0x000001f8702c8b00: 4883 ec10 | 4889 0424 | 48c7 4424 | 0800 0000 | 00e9 2c00 | 0000 83f8 | 060f 8514 | 0000 00c4 
  0x000001f8702c8b20: c17a 1004 | 1948 83ec | 08c5 fa11 | 0424 e90f | 0000 00c4 | c17b 1004 | 1948 83ec | 10c5 fb11 
  0x000001f8702c8b40: 0424 410f | b65d 0349 | 83c5 0349 | ba40 b09f | 97ff 7f00 | 0041 ff24 | da0f 1f80 | 0000 0000 
[/MachCode]

---------------  P R O C E S S  ---------------

Threads class SMR info:
_java_thread_list=0x000001f800323060, length=12, elements={
0x000001f86122eca0, 0x000001f800175a30, 0x000001f8001771e0, 0x000001f8001bd900,
0x000001f8001be580, 0x000001f8001c06f0, 0x000001f8001c10b0, 0x000001f8001cacf0,
0x000001f8001cdf80, 0x000001f8001ce980, 0x000001f8003420c0, 0x000001f800349c70
}

Java Threads: ( => current thread )
=>0x000001f86122eca0 JavaThread "main" [_thread_in_vm, id=7968, stack(0x000000b487600000,0x000000b487700000)]
  0x000001f800175a30 JavaThread "Reference Handler" daemon [_thread_blocked, id=14208, stack(0x000000b487d00000,0x000000b487e00000)]
  0x000001f8001771e0 JavaThread "Finalizer" daemon [_thread_blocked, id=352, stack(0x000000b487e00000,0x000000b487f00000)]
  0x000001f8001bd900 JavaThread "Signal Dispatcher" daemon [_thread_blocked, id=13036, stack(0x000000b487f00000,0x000000b488000000)]
  0x000001f8001be580 JavaThread "Attach Listener" daemon [_thread_blocked, id=3380, stack(0x000000b488000000,0x000000b488100000)]
  0x000001f8001c06f0 JavaThread "Service Thread" daemon [_thread_blocked, id=6748, stack(0x000000b488100000,0x000000b488200000)]
  0x000001f8001c10b0 JavaThread "Monitor Deflation Thread" daemon [_thread_blocked, id=4748, stack(0x000000b488200000,0x000000b488300000)]
  0x000001f8001cacf0 JavaThread "C2 CompilerThread0" daemon [_thread_blocked, id=5928, stack(0x000000b488300000,0x000000b488400000)]
  0x000001f8001cdf80 JavaThread "C1 CompilerThread0" daemon [_thread_blocked, id=12564, stack(0x000000b488400000,0x000000b488500000)]
  0x000001f8001ce980 JavaThread "Sweeper thread" daemon [_thread_blocked, id=4504, stack(0x000000b488500000,0x000000b488600000)]
  0x000001f8003420c0 JavaThread "Notification Thread" daemon [_thread_blocked, id=1760, stack(0x000000b488600000,0x000000b488700000)]
  0x000001f800349c70 JavaThread "Common-Cleaner" daemon [_thread_blocked, id=13016, stack(0x000000b488800000,0x000000b488900000)]

Other Threads:
  0x000001f800106ea0 VMThread "VM Thread" [stack: 0x000000b487c00000,0x000000b487d00000] [id=8532]
  0x000001f8003445b0 WatcherThread [stack: 0x000000b488700000,0x000000b488800000] [id=720]
  0x000001f86124e380 GCTaskThread "GC Thread#0" [stack: 0x000000b487700000,0x000000b487800000] [id=3340]
  0x000001f86124fad0 ConcurrentGCThread "G1 Main Marker" [stack: 0x000000b487800000,0x000000b487900000] [id=4624]
  0x000001f8612504f0 ConcurrentGCThread "G1 Conc#0" [stack: 0x000000b487900000,0x000000b487a00000] [id=10724]
  0x000001f86129de80 ConcurrentGCThread "G1 Refine#0" [stack: 0x000000b487a00000,0x000000b487b00000] [id=1632]
  0x000001f86129e8b0 ConcurrentGCThread "G1 Service" [stack: 0x000000b487b00000,0x000000b487c00000] [id=11880]

Threads with active compile tasks:

VM state: not at safepoint (normal execution)

VM Mutex/Monitor currently owned by a thread:  ([mutex/lock_event])
[0x000001f85f08ed50] Metaspace_lock - owner thread: 0x000001f86122eca0

Heap address: 0x00000000fc000000, size: 64 MB, Compressed Oops mode: 32-bit

CDS archive(s) not mapped
Compressed class space mapped at: 0x0000000100000000-0x0000000140000000, reserved size: 1073741824
Narrow klass base: 0x0000000000000000, Narrow klass shift: 3, Narrow klass range: 0x140000000

GC Precious Log:
 CPUs: 4 total, 4 available
 Memory: 8080M
 Large Page Support: Disabled
 NUMA Support: Disabled
 Compressed Oops: Enabled (32-bit)
 Heap Region Size: 1M
 Heap Min Capacity: 64M
 Heap Initial Capacity: 64M
 Heap Max Capacity: 64M
 Pre-touch: Disabled
 Parallel Workers: 4
 Concurrent Workers: 1
 Concurrent Refinement Workers: 4
 Periodic GC: Disabled

Heap:
 garbage-first heap   total 65536K, used 1024K [0x00000000fc000000, 0x0000000100000000)
  region size 1024K, 2 young (2048K), 0 survivors (0K)
 Metaspace       used 5249K, committed 5376K, reserved 1114112K
  class space    used 428K, committed 512K, reserved 1048576K

Heap Regions: E=young(eden), S=young(survivor), O=old, HS=humongous(starts), HC=humongous(continues), CS=collection set, F=free, OA=open archive, CA=closed archive, TAMS=top-at-mark-start (previous, next)
|   0|0x00000000fc000000, 0x00000000fc000000, 0x00000000fc100000|  0%| F|  |TAMS 0x00000000fc000000, 0x00000000fc000000| Untracked 
|   1|0x00000000fc100000, 0x00000000fc100000, 0x00000000fc200000|  0%| F|  |TAMS 0x00000000fc100000, 0x00000000fc100000| Untracked 
|   2|0x00000000fc200000, 0x00000000fc200000, 0x00000000fc300000|  0%| F|  |TAMS 0x00000000fc200000, 0x00000000fc200000| Untracked 
|   3|0x00000000fc300000, 0x00000000fc300000, 0x00000000fc400000|  0%| F|  |TAMS 0x00000000fc300000, 0x00000000fc300000| Untracked 
|   4|0x00000000fc400000, 0x00000000fc400000, 0x00000000fc500000|  0%| F|  |TAMS 0x00000000fc400000, 0x00000000fc400000| Untracked 
|   5|0x00000000fc500000, 0x00000000fc500000, 0x00000000fc600000|  0%| F|  |TAMS 0x00000000fc500000, 0x00000000fc500000| Untracked 
|   6|0x00000000fc600000, 0x00000000fc600000, 0x00000000fc700000|  0%| F|  |TAMS 0x00000000fc600000, 0x00000000fc600000| Untracked 
|   7|0x00000000fc700000, 0x00000000fc700000, 0x00000000fc800000|  0%| F|  |TAMS 0x00000000fc700000, 0x00000000fc700000| Untracked 
|   8|0x00000000fc800000, 0x00000000fc800000, 0x00000000fc900000|  0%| F|  |TAMS 0x00000000fc800000, 0x00000000fc800000| Untracked 
|   9|0x00000000fc900000, 0x00000000fc900000, 0x00000000fca00000|  0%| F|  |TAMS 0x00000000fc900000, 0x00000000fc900000| Untracked 
|  10|0x00000000fca00000, 0x00000000fca00000, 0x00000000fcb00000|  0%| F|  |TAMS 0x00000000fca00000, 0x00000000fca00000| Untracked 
|  11|0x00000000fcb00000, 0x00000000fcb00000, 0x00000000fcc00000|  0%| F|  |TAMS 0x00000000fcb00000, 0x00000000fcb00000| Untracked 
|  12|0x00000000fcc00000, 0x00000000fcc00000, 0x00000000fcd00000|  0%| F|  |TAMS 0x00000000fcc00000, 0x00000000fcc00000| Untracked 
|  13|0x00000000fcd00000, 0x00000000fcd00000, 0x00000000fce00000|  0%| F|  |TAMS 0x00000000fcd00000, 0x00000000fcd00000| Untracked 
|  14|0x00000000fce00000, 0x00000000fce00000, 0x00000000fcf00000|  0%| F|  |TAMS 0x00000000fce00000, 0x00000000fce00000| Untracked 
|  15|0x00000000fcf00000, 0x00000000fcf00000, 0x00000000fd000000|  0%| F|  |TAMS 0x00000000fcf00000, 0x00000000fcf00000| Untracked 
|  16|0x00000000fd000000, 0x00000000fd000000, 0x00000000fd100000|  0%| F|  |TAMS 0x00000000fd000000, 0x00000000fd000000| Untracked 
|  17|0x00000000fd100000, 0x00000000fd100000, 0x00000000fd200000|  0%| F|  |TAMS 0x00000000fd100000, 0x00000000fd100000| Untracked 
|  18|0x00000000fd200000, 0x00000000fd200000, 0x00000000fd300000|  0%| F|  |TAMS 0x00000000fd200000, 0x00000000fd200000| Untracked 
|  19|0x00000000fd300000, 0x00000000fd300000, 0x00000000fd400000|  0%| F|  |TAMS 0x00000000fd300000, 0x00000000fd300000| Untracked 
|  20|0x00000000fd400000, 0x00000000fd400000, 0x00000000fd500000|  0%| F|  |TAMS 0x00000000fd400000, 0x00000000fd400000| Untracked 
|  21|0x00000000fd500000, 0x00000000fd500000, 0x00000000fd600000|  0%| F|  |TAMS 0x00000000fd500000, 0x00000000fd500000| Untracked 
|  22|0x00000000fd600000, 0x00000000fd600000, 0x00000000fd700000|  0%| F|  |TAMS 0x00000000fd600000, 0x00000000fd600000| Untracked 
|  23|0x00000000fd700000, 0x00000000fd700000, 0x00000000fd800000|  0%| F|  |TAMS 0x00000000fd700000, 0x00000000fd700000| Untracked 
|  24|0x00000000fd800000, 0x00000000fd800000, 0x00000000fd900000|  0%| F|  |TAMS 0x00000000fd800000, 0x00000000fd800000| Untracked 
|  25|0x00000000fd900000, 0x00000000fd900000, 0x00000000fda00000|  0%| F|  |TAMS 0x00000000fd900000, 0x00000000fd900000| Untracked 
|  26|0x00000000fda00000, 0x00000000fda00000, 0x00000000fdb00000|  0%| F|  |TAMS 0x00000000fda00000, 0x00000000fda00000| Untracked 
|  27|0x00000000fdb00000, 0x00000000fdb00000, 0x00000000fdc00000|  0%| F|  |TAMS 0x00000000fdb00000, 0x00000000fdb00000| Untracked 
|  28|0x00000000fdc00000, 0x00000000fdc00000, 0x00000000fdd00000|  0%| F|  |TAMS 0x00000000fdc00000, 0x00000000fdc00000| Untracked 
|  29|0x00000000fdd00000, 0x00000000fdd00000, 0x00000000fde00000|  0%| F|  |TAMS 0x00000000fdd00000, 0x00000000fdd00000| Untracked 
|  30|0x00000000fde00000, 0x00000000fde00000, 0x00000000fdf00000|  0%| F|  |TAMS 0x00000000fde00000, 0x00000000fde00000| Untracked 
|  31|0x00000000fdf00000, 0x00000000fdf00000, 0x00000000fe000000|  0%| F|  |TAMS 0x00000000fdf00000, 0x00000000fdf00000| Untracked 
|  32|0x00000000fe000000, 0x00000000fe000000, 0x00000000fe100000|  0%| F|  |TAMS 0x00000000fe000000, 0x00000000fe000000| Untracked 
|  33|0x00000000fe100000, 0x00000000fe100000, 0x00000000fe200000|  0%| F|  |TAMS 0x00000000fe100000, 0x00000000fe100000| Untracked 
|  34|0x00000000fe200000, 0x00000000fe200000, 0x00000000fe300000|  0%| F|  |TAMS 0x00000000fe200000, 0x00000000fe200000| Untracked 
|  35|0x00000000fe300000, 0x00000000fe300000, 0x00000000fe400000|  0%| F|  |TAMS 0x00000000fe300000, 0x00000000fe300000| Untracked 
|  36|0x00000000fe400000, 0x00000000fe400000, 0x00000000fe500000|  0%| F|  |TAMS 0x00000000fe400000, 0x00000000fe400000| Untracked 
|  37|0x00000000fe500000, 0x00000000fe500000, 0x00000000fe600000|  0%| F|  |TAMS 0x00000000fe500000, 0x00000000fe500000| Untracked 
|  38|0x00000000fe600000, 0x00000000fe600000, 0x00000000fe700000|  0%| F|  |TAMS 0x00000000fe600000, 0x00000000fe600000| Untracked 
|  39|0x00000000fe700000, 0x00000000fe700000, 0x00000000fe800000|  0%| F|  |TAMS 0x00000000fe700000, 0x00000000fe700000| Untracked 
|  40|0x00000000fe800000, 0x00000000fe800000, 0x00000000fe900000|  0%| F|  |TAMS 0x00000000fe800000, 0x00000000fe800000| Untracked 
|  41|0x00000000fe900000, 0x00000000fe900000, 0x00000000fea00000|  0%| F|  |TAMS 0x00000000fe900000, 0x00000000fe900000| Untracked 
|  42|0x00000000fea00000, 0x00000000fea00000, 0x00000000feb00000|  0%| F|  |TAMS 0x00000000fea00000, 0x00000000fea00000| Untracked 
|  43|0x00000000feb00000, 0x00000000feb00000, 0x00000000fec00000|  0%| F|  |TAMS 0x00000000feb00000, 0x00000000feb00000| Untracked 
|  44|0x00000000fec00000, 0x00000000fec00000, 0x00000000fed00000|  0%| F|  |TAMS 0x00000000fec00000, 0x00000000fec00000| Untracked 
|  45|0x00000000fed00000, 0x00000000fed00000, 0x00000000fee00000|  0%| F|  |TAMS 0x00000000fed00000, 0x00000000fed00000| Untracked 
|  46|0x00000000fee00000, 0x00000000fee00000, 0x00000000fef00000|  0%| F|  |TAMS 0x00000000fee00000, 0x00000000fee00000| Untracked 
|  47|0x00000000fef00000, 0x00000000fef00000, 0x00000000ff000000|  0%| F|  |TAMS 0x00000000fef00000, 0x00000000fef00000| Untracked 
|  48|0x00000000ff000000, 0x00000000ff000000, 0x00000000ff100000|  0%| F|  |TAMS 0x00000000ff000000, 0x00000000ff000000| Untracked 
|  49|0x00000000ff100000, 0x00000000ff100000, 0x00000000ff200000|  0%| F|  |TAMS 0x00000000ff100000, 0x00000000ff100000| Untracked 
|  50|0x00000000ff200000, 0x00000000ff200000, 0x00000000ff300000|  0%| F|  |TAMS 0x00000000ff200000, 0x00000000ff200000| Untracked 
|  51|0x00000000ff300000, 0x00000000ff300000, 0x00000000ff400000|  0%| F|  |TAMS 0x00000000ff300000, 0x00000000ff300000| Untracked 
|  52|0x00000000ff400000, 0x00000000ff400000, 0x00000000ff500000|  0%| F|  |TAMS 0x00000000ff400000, 0x00000000ff400000| Untracked 
|  53|0x00000000ff500000, 0x00000000ff500000, 0x00000000ff600000|  0%| F|  |TAMS 0x00000000ff500000, 0x00000000ff500000| Untracked 
|  54|0x00000000ff600000, 0x00000000ff600000, 0x00000000ff700000|  0%| F|  |TAMS 0x00000000ff600000, 0x00000000ff600000| Untracked 
|  55|0x00000000ff700000, 0x00000000ff700000, 0x00000000ff800000|  0%| F|  |TAMS 0x00000000ff700000, 0x00000000ff700000| Untracked 
|  56|0x00000000ff800000, 0x00000000ff800000, 0x00000000ff900000|  0%| F|  |TAMS 0x00000000ff800000, 0x00000000ff800000| Untracked 
|  57|0x00000000ff900000, 0x00000000ff900000, 0x00000000ffa00000|  0%| F|  |TAMS 0x00000000ff900000, 0x00000000ff900000| Untracked 
|  58|0x00000000ffa00000, 0x00000000ffa00000, 0x00000000ffb00000|  0%| F|  |TAMS 0x00000000ffa00000, 0x00000000ffa00000| Untracked 
|  59|0x00000000ffb00000, 0x00000000ffb00000, 0x00000000ffc00000|  0%| F|  |TAMS 0x00000000ffb00000, 0x00000000ffb00000| Untracked 
|  60|0x00000000ffc00000, 0x00000000ffc00000, 0x00000000ffd00000|  0%| F|  |TAMS 0x00000000ffc00000, 0x00000000ffc00000| Untracked 
|  61|0x00000000ffd00000, 0x00000000ffd00000, 0x00000000ffe00000|  0%| F|  |TAMS 0x00000000ffd00000, 0x00000000ffd00000| Untracked 
|  62|0x00000000ffe00000, 0x00000000ffe852a8, 0x00000000fff00000| 52%| E|  |TAMS 0x00000000ffe00000, 0x00000000ffe00000| Complete 
|  63|0x00000000fff00000, 0x0000000100000000, 0x0000000100000000|100%| E|CS|TAMS 0x00000000fff00000, 0x00000000fff00000| Complete 

Card table byte_map: [0x000001f861060000,0x000001f861080000] _byte_map_base: 0x000001f860880000

Marking Bits (Prev, Next): (CMBitMap*) 0x000001f86124e9a0, (CMBitMap*) 0x000001f86124e9e0
 Prev Bits: [0x000001f8610a0000, 0x000001f8611a0000)
 Next Bits: [0x000001f877d80000, 0x000001f877e80000)

Polling page: 0x000001f8609f0000

Metaspace:

Usage:
  Non-class:      4.71 MB used.
      Class:    428.00 KB used.
       Both:      5.13 MB used.

Virtual space:
  Non-class space:       64.00 MB reserved,       4.75 MB (  7%) committed,  1 nodes.
      Class space:        1.00 GB reserved,     512.00 KB ( <1%) committed,  1 nodes.
             Both:        1.06 GB reserved,       5.25 MB ( <1%) committed. 

Chunk freelists:
   Non-Class:  10.98 MB
       Class:  15.55 MB
        Both:  26.53 MB

MaxMetaspaceSize: unlimited
CompressedClassSpaceSize: 1.00 GB
Initial GC threshold: 21.00 MB
Current GC threshold: 21.00 MB
CDS: off
MetaspaceReclaimPolicy: balanced
 - commit_granule_bytes: 65536.
 - commit_granule_words: 8192.
 - virtual_space_node_default_size: 8388608.
 - enlarge_chunks_in_place: 1.
 - new_chunks_are_fully_committed: 0.
 - uncommit_free_chunks: 1.
 - use_allocation_guard: 0.
 - handle_deallocations: 1.


Internal statistics:

num_allocs_failed_limit: 0.
num_arena_births: 4.
num_arena_deaths: 0.
num_vsnodes_births: 2.
num_vsnodes_deaths: 0.
num_space_committed: 84.
num_space_uncommitted: 0.
num_chunks_returned_to_freelist: 0.
num_chunks_taken_from_freelist: 12.
num_chunk_merges: 0.
num_chunk_splits: 6.
num_chunks_enlarged: 3.
num_inconsistent_stats: 0.

CodeHeap 'non-profiled nmethods': size=120000Kb used=23Kb max_used=23Kb free=119977Kb
 bounds [0x000001f870850000, 0x000001f870ac0000, 0x000001f877d80000]
CodeHeap 'profiled nmethods': size=120000Kb used=108Kb max_used=108Kb free=119891Kb
 bounds [0x000001f868d80000, 0x000001f868ff0000, 0x000001f8702b0000]
CodeHeap 'non-nmethods': size=5760Kb used=1075Kb max_used=1075Kb free=4684Kb
 bounds [0x000001f8702b0000, 0x000001f870520000, 0x000001f870850000]
 total_blobs=437 nmethods=94 adapters=256
 compilation: enabled
              stopped_count=0, restarted_count=0
 full_count=0

Compilation events (20 events):
Event: 0.302 Thread 0x000001f8001cdf80   80       3       java.lang.StringLatin1::indexOf (36 bytes)
Event: 0.302 Thread 0x000001f8001cdf80 nmethod 80 0x000001f868d97a10 code [0x000001f868d97be0, 0x000001f868d97ff8]
Event: 0.302 Thread 0x000001f8001cdf80   81       3       java.lang.CharacterDataLatin1::getProperties (11 bytes)
Event: 0.302 Thread 0x000001f8001cdf80 nmethod 81 0x000001f868d98190 code [0x000001f868d98320, 0x000001f868d98458]
Event: 0.302 Thread 0x000001f8001cdf80   82       3       java.lang.CharacterDataLatin1::toLowerCase (39 bytes)
Event: 0.302 Thread 0x000001f8001cdf80 nmethod 82 0x000001f868d98510 code [0x000001f868d986c0, 0x000001f868d988f8]
Event: 0.311 Thread 0x000001f8001cdf80   83       3       java.lang.String::<init> (15 bytes)
Event: 0.311 Thread 0x000001f8001cdf80 nmethod 83 0x000001f868d98a10 code [0x000001f868d98ba0, 0x000001f868d98d58]
Event: 0.316 Thread 0x000001f8001cdf80   84       3       java.lang.StringBuilder::append (8 bytes)
Event: 0.317 Thread 0x000001f8001cdf80 nmethod 84 0x000001f868d98e10 code [0x000001f868d98fa0, 0x000001f868d990e8]
Event: 0.317 Thread 0x000001f8001cdf80   85       3       java.lang.AbstractStringBuilder::append (77 bytes)
Event: 0.317 Thread 0x000001f8001cdf80 nmethod 85 0x000001f868d99190 code [0x000001f868d993a0, 0x000001f868d99a08]
Event: 0.317 Thread 0x000001f8001cdf80   86       3       java.lang.String::indexOf (7 bytes)
Event: 0.318 Thread 0x000001f8001cdf80 nmethod 86 0x000001f868d99c90 code [0x000001f868d99e60, 0x000001f868d9a178]
Event: 0.318 Thread 0x000001f8001cdf80   87       3       java.util.Arrays::copyOfRange (64 bytes)
Event: 0.319 Thread 0x000001f8001cdf80 nmethod 87 0x000001f868d9a290 code [0x000001f868d9a500, 0x000001f868d9add8]
Event: 0.336 Thread 0x000001f8001cdf80   90       1       java.lang.Class::getClassLoader0 (5 bytes)
Event: 0.336 Thread 0x000001f8001cdf80 nmethod 90 0x000001f870855010 code [0x000001f8708551a0, 0x000001f870855278]
Event: 0.338 Thread 0x000001f8001cdf80   94       1       java.lang.Enum::ordinal (5 bytes)
Event: 0.338 Thread 0x000001f8001cdf80 nmethod 94 0x000001f870855910 code [0x000001f870855aa0, 0x000001f870855b78]

GC Heap History (0 events):
No events

Dll operation events (6 events):
Event: 0.012 Loaded shared library C:\Program Files\Microsoft\jdk-17.0.15.6-hotspot\bin\java.dll
Event: 0.112 Loaded shared library C:\Program Files\Microsoft\jdk-17.0.15.6-hotspot\bin\jsvml.dll
Event: 0.277 Loaded shared library C:\Program Files\Microsoft\jdk-17.0.15.6-hotspot\bin\net.dll
Event: 0.279 Loaded shared library C:\Program Files\Microsoft\jdk-17.0.15.6-hotspot\bin\nio.dll
Event: 0.293 Loaded shared library C:\Program Files\Microsoft\jdk-17.0.15.6-hotspot\bin\zip.dll
Event: 0.309 Loaded shared library C:\Program Files\Microsoft\jdk-17.0.15.6-hotspot\bin\verify.dll

Deoptimization events (0 events):
No events

Classes loaded (20 events):
Event: 0.335 Loading class java/util/regex/Pattern$CharPredicate
Event: 0.336 Loading class java/util/regex/Pattern$CharPredicate done
Event: 0.336 Loading class java/util/regex/Pattern$BmpCharPredicate done
Event: 0.336 Loading class java/lang/invoke/BootstrapMethodInvoker
Event: 0.337 Loading class java/lang/invoke/BootstrapMethodInvoker done
Event: 0.337 Loading class java/lang/invoke/VarHandle$AccessMode
Event: 0.337 Loading class java/lang/invoke/VarHandle$AccessMode done
Event: 0.337 Loading class java/lang/invoke/VarHandle$AccessType
Event: 0.337 Loading class java/lang/invoke/VarHandle$AccessType done
Event: 0.337 Loading class java/lang/invoke/Invokers$Holder
Event: 0.337 Loading class java/lang/invoke/Invokers$Holder done
Event: 0.338 Loading class java/lang/invoke/MethodHandleImpl$1
Event: 0.339 Loading class jdk/internal/access/JavaLangInvokeAccess
Event: 0.339 Loading class jdk/internal/access/JavaLangInvokeAccess done
Event: 0.339 Loading class java/lang/invoke/MethodHandleImpl$1 done
Event: 0.339 Loading class java/lang/invoke/InnerClassLambdaMetafactory
Event: 0.339 Loading class java/lang/invoke/AbstractValidatingLambdaMetafactory
Event: 0.340 Loading class java/lang/invoke/AbstractValidatingLambdaMetafactory done
Event: 0.340 Loading class java/lang/invoke/InnerClassLambdaMetafactory done
Event: 0.340 Loading class jdk/internal/org/objectweb/asm/Type

Classes unloaded (0 events):
No events

Classes redefined (0 events):
No events

Internal exceptions (0 events):
No events

VM Operations (2 events):
Event: 0.297 Executing VM operation: HandshakeAllThreads
Event: 0.297 Executing VM operation: HandshakeAllThreads done

Memory protections (0 events):
No events

Nmethod flushes (0 events):
No events

Events (12 events):
Event: 0.113 Thread 0x000001f86122eca0 Thread added: 0x000001f86122eca0
Event: 0.141 Thread 0x000001f86122eca0 Thread added: 0x000001f800175a30
Event: 0.141 Thread 0x000001f86122eca0 Thread added: 0x000001f8001771e0
Event: 0.184 Thread 0x000001f86122eca0 Thread added: 0x000001f8001bd900
Event: 0.184 Thread 0x000001f86122eca0 Thread added: 0x000001f8001be580
Event: 0.184 Thread 0x000001f86122eca0 Thread added: 0x000001f8001c06f0
Event: 0.184 Thread 0x000001f86122eca0 Thread added: 0x000001f8001c10b0
Event: 0.185 Thread 0x000001f86122eca0 Thread added: 0x000001f8001cacf0
Event: 0.185 Thread 0x000001f86122eca0 Thread added: 0x000001f8001cdf80
Event: 0.185 Thread 0x000001f86122eca0 Thread added: 0x000001f8001ce980
Event: 0.255 Thread 0x000001f86122eca0 Thread added: 0x000001f8003420c0
Event: 0.263 Thread 0x000001f86122eca0 Thread added: 0x000001f800349c70


Dynamic libraries:
0x00007ff6a7d90000 - 0x00007ff6a7d9e000 	C:\Program Files\Microsoft\jdk-17.0.15.6-hotspot\bin\java.exe
0x00007ff820f70000 - 0x00007ff821168000 	C:\Windows\SYSTEM32\ntdll.dll
0x00007ff81f410000 - 0x00007ff81f4d2000 	C:\Windows\System32\KERNEL32.DLL
0x00007ff81ebe0000 - 0x00007ff81eed6000 	C:\Windows\System32\KERNELBASE.dll
0x00007ff81e880000 - 0x00007ff81e980000 	C:\Windows\System32\ucrtbase.dll
0x00007ff806230000 - 0x00007ff806247000 	C:\Program Files\Microsoft\jdk-17.0.15.6-hotspot\bin\jli.dll
0x00007ff80e520000 - 0x00007ff80e53d000 	C:\Program Files\Microsoft\jdk-17.0.15.6-hotspot\bin\VCRUNTIME140.dll
0x00007ff820170000 - 0x00007ff82030d000 	C:\Windows\System32\USER32.dll
0x00007ff80d6c0000 - 0x00007ff80d95a000 	C:\Windows\WinSxS\amd64_microsoft.windows.common-controls_6595b64144ccf1df_6.0.19041.5915_none_60b4b9d171f9c7c7\COMCTL32.dll
0x00007ff81e980000 - 0x00007ff81e9a2000 	C:\Windows\System32\win32u.dll
0x00007ff820ad0000 - 0x00007ff820b6e000 	C:\Windows\System32\msvcrt.dll
0x00007ff81fe40000 - 0x00007ff81fe6b000 	C:\Windows\System32\GDI32.dll
0x00007ff81e760000 - 0x00007ff81e879000 	C:\Windows\System32\gdi32full.dll
0x00007ff81eb10000 - 0x00007ff81ebad000 	C:\Windows\System32\msvcp_win.dll
0x00007ff820aa0000 - 0x00007ff820acf000 	C:\Windows\System32\IMM32.DLL
0x00007ff817a00000 - 0x00007ff817a0c000 	C:\Program Files\Microsoft\jdk-17.0.15.6-hotspot\bin\vcruntime140_1.dll
0x00007fffb7850000 - 0x00007fffb78dd000 	C:\Program Files\Microsoft\jdk-17.0.15.6-hotspot\bin\msvcp140.dll
0x00007fff96e40000 - 0x00007fff97ab2000 	C:\Program Files\Microsoft\jdk-17.0.15.6-hotspot\bin\server\jvm.dll
0x00007ff81f2b0000 - 0x00007ff81f361000 	C:\Windows\System32\ADVAPI32.dll
0x00007ff81f210000 - 0x00007ff81f2af000 	C:\Windows\System32\sechost.dll
0x00007ff81ff30000 - 0x00007ff820053000 	C:\Windows\System32\RPCRT4.dll
0x00007ff81ebb0000 - 0x00007ff81ebd7000 	C:\Windows\System32\bcrypt.dll
0x00007ff81f750000 - 0x00007ff81f7bb000 	C:\Windows\System32\WS2_32.dll
0x00007ff81db50000 - 0x00007ff81db9b000 	C:\Windows\SYSTEM32\POWRPROF.dll
0x00007ff80c3d0000 - 0x00007ff80c3f7000 	C:\Windows\SYSTEM32\WINMM.dll
0x00007ff814d70000 - 0x00007ff814d7a000 	C:\Windows\SYSTEM32\VERSION.dll
0x00007ff81d9c0000 - 0x00007ff81d9d2000 	C:\Windows\SYSTEM32\UMPDC.dll
0x00007ff81cde0000 - 0x00007ff81cdf2000 	C:\Windows\SYSTEM32\kernel.appcore.dll
0x00007ff80cc70000 - 0x00007ff80cc7a000 	C:\Program Files\Microsoft\jdk-17.0.15.6-hotspot\bin\jimage.dll
0x00007ff81cac0000 - 0x00007ff81ccc1000 	C:\Windows\SYSTEM32\DBGHELP.DLL
0x00007ff806090000 - 0x00007ff8060c4000 	C:\Windows\SYSTEM32\dbgcore.DLL
0x00007ff81e680000 - 0x00007ff81e702000 	C:\Windows\System32\bcryptPrimitives.dll
0x00007ffffa890000 - 0x00007ffffa8b5000 	C:\Program Files\Microsoft\jdk-17.0.15.6-hotspot\bin\java.dll
0x00007fffb7770000 - 0x00007fffb7846000 	C:\Program Files\Microsoft\jdk-17.0.15.6-hotspot\bin\jsvml.dll
0x00007ff820310000 - 0x00007ff820a7e000 	C:\Windows\System32\SHELL32.dll
0x00007ff81c240000 - 0x00007ff81c9e4000 	C:\Windows\SYSTEM32\windows.storage.dll
0x00007ff820bd0000 - 0x00007ff820f23000 	C:\Windows\System32\combase.dll
0x00007ff81df50000 - 0x00007ff81df7b000 	C:\Windows\SYSTEM32\Wldp.dll
0x00007ff81f140000 - 0x00007ff81f20d000 	C:\Windows\System32\OLEAUT32.dll
0x00007ff8200c0000 - 0x00007ff82016d000 	C:\Windows\System32\SHCORE.dll
0x00007ff81fe70000 - 0x00007ff81fecb000 	C:\Windows\System32\shlwapi.dll
0x00007ff81e530000 - 0x00007ff81e555000 	C:\Windows\SYSTEM32\profapi.dll
0x00007ff804490000 - 0x00007ff8044aa000 	C:\Program Files\Microsoft\jdk-17.0.15.6-hotspot\bin\net.dll
0x00007ff813c10000 - 0x00007ff813d1a000 	C:\Windows\SYSTEM32\WINHTTP.dll
0x00007ff81dd30000 - 0x00007ff81dd9a000 	C:\Windows\system32\mswsock.dll
0x00007ffff2b60000 - 0x00007ffff2b76000 	C:\Program Files\Microsoft\jdk-17.0.15.6-hotspot\bin\nio.dll
0x00007fffefe60000 - 0x00007fffefe78000 	C:\Program Files\Microsoft\jdk-17.0.15.6-hotspot\bin\zip.dll
0x00007ffffa850000 - 0x00007ffffa860000 	C:\Program Files\Microsoft\jdk-17.0.15.6-hotspot\bin\verify.dll

dbghelp: loaded successfully - version: 4.0.5 - missing functions: none
symbol engine: initialized successfully - sym options: 0x614 - pdb path: .;C:\Program Files\Microsoft\jdk-17.0.15.6-hotspot\bin;C:\Windows\SYSTEM32;C:\Windows\WinSxS\amd64_microsoft.windows.common-controls_6595b64144ccf1df_6.0.19041.5915_none_60b4b9d171f9c7c7;C:\Program Files\Microsoft\jdk-17.0.15.6-hotspot\bin\server

VM Arguments:
jvm_args: -Xmx64m -Xms64m -Dorg.gradle.appname=gradlew 
java_command: D:\VoltX\android\\gradle\wrapper\gradle-wrapper.jar app:installDebug -PreactNativeDevServerPort=8081
java_class_path (initial): D:\VoltX\android\\gradle\wrapper\gradle-wrapper.jar
Launcher Type: SUN_STANDARD

[Global flags]
     intx CICompilerCount                          = 3                                         {product} {ergonomic}
     uint ConcGCThreads                            = 1                                         {product} {ergonomic}
     uint G1ConcRefinementThreads                  = 4                                         {product} {ergonomic}
   size_t G1HeapRegionSize                         = 1048576                                   {product} {ergonomic}
    uintx GCDrainStackTargetSize                   = 64                                        {product} {ergonomic}
   size_t InitialHeapSize                          = 67108864                                  {product} {command line}
   size_t MarkStackSize                            = 4194304                                   {product} {ergonomic}
   size_t MaxHeapSize                              = 67108864                                  {product} {command line}
   size_t MaxNewSize                               = 39845888                                  {product} {ergonomic}
   size_t MinHeapDeltaBytes                        = 1048576                                   {product} {ergonomic}
   size_t MinHeapSize                              = 67108864                                  {product} {command line}
    uintx NonNMethodCodeHeapSize                   = 5832780                                {pd product} {ergonomic}
    uintx NonProfiledCodeHeapSize                  = 122912730                              {pd product} {ergonomic}
    uintx ProfiledCodeHeapSize                     = 122912730                              {pd product} {ergonomic}
    uintx ReservedCodeCacheSize                    = 251658240                              {pd product} {ergonomic}
     bool SegmentedCodeCache                       = true                                      {product} {ergonomic}
   size_t SoftMaxHeapSize                          = 67108864                               {manageable} {ergonomic}
     bool UseCompressedClassPointers               = true                           {product lp64_product} {ergonomic}
     bool UseCompressedOops                        = true                           {product lp64_product} {ergonomic}
     bool UseG1GC                                  = true                                      {product} {ergonomic}
     bool UseLargePagesIndividualAllocation        = false                                  {pd product} {ergonomic}

Logging:
Log output configuration:
 #0: stdout all=warning uptime,level,tags
 #1: stderr all=off uptime,level,tags

Environment Variables:
JAVA_HOME=C:\Program Files\Microsoft\jdk-17.0.15.6-hotspot\
PATH=D:\VoltX\node_modules\.bin;D:\node_modules\.bin;C:\Users\DELL\AppData\Roaming\npm\node_modules\npm\node_modules\@npmcli\run-script\lib\node-gyp-bin;C:\Program Files\Common Files\Oracle\Java\javapath;C:\Python312\Scripts\;C:\Python312\;C:\Windows\system32;C:\Windows;C:\Windows\System32\Wbem;C:\Windows\System32\WindowsPowerShell\v1.0\;C:\Windows\System32\OpenSSH\;C:\ProgramData\chocolatey\bin;C:\Program Files\Git\cmd;C:\Program Files\GitHub CLI\;C:\Users\DELL\Downloads\sonar-scanner-cli-7.1.0.4889-windows-x64\sonar-scanner-7.1.0.4889-windows-x64\bin;C:\ProgramData\nvm;C:\nvm4w\nodejs;C:\ProgramData\nvm;C:\ProgramData\nvm\nodejs;D:\Android\Sdk\platform-tools;D:\Android\Sdk\emulator;D:\Android\Sdk\tools;D:\Android\Sdk\tools\bin;D:\Android\Sdk\cmdline-tools\latest\bin;C:\Users\DELL\AppData\Local\Microsoft\WindowsApps;C:\Users\DELL\AppData\Roaming\npm;C:\Users\DELL\AppData\Local\Programs\Microsoft VS Code\bin;C:\Users\DELL\Downloads\sonar-scanner-cli-7.1.0.4889-windows-x64.zip\sonar-scanner-7.1.0.4889-windows-x64\bin;C:\ProgramData\nvm;C:\nvm4w\nodejs
USERNAME=DELL
LANG=en_US.UTF-8
OS=Windows_NT
PROCESSOR_IDENTIFIER=Intel64 Family 6 Model 61 Stepping 4, GenuineIntel
TMP=C:\Users\DELL\AppData\Local\Temp
TEMP=C:\Users\DELL\AppData\Local\Temp



Periodic native trim disabled


---------------  S Y S T E M  ---------------

OS:
 Windows 10 , 64 bit Build 19041 (10.0.19041.5915)
OS uptime: 0 days 7:06 hours
Hyper-V role detected

CPU: total 4 (initial active 4) (2 cores per cpu, 2 threads per core) family 6 model 61 stepping 4 microcode 0x2d, cx8, cmov, fxsr, ht, mmx, 3dnowpref, sse, sse2, sse3, ssse3, sse4.1, sse4.2, popcnt, lzcnt, tsc, tscinvbit, avx, avx2, aes, erms, clmul, bmi1, bmi2, rtm, adx, fma, vzeroupper, clflush, hv
Processor Information for the first 4 processors :
  Max Mhz: 2295, Current Mhz: 2295, Mhz Limit: 2295

Memory: 4k page, system-wide physical 8080M (594M free)
TotalPageFile size 17979M (AvailPageFile size 1M)
current process WorkingSet (physical memory assigned to process): 28M, peak: 28M
current process commit charge ("private bytes"): 128M, peak: 129M

vm_info: OpenJDK 64-Bit Server VM (17.0.15+6-LTS) for windows-amd64 JRE (17.0.15+6-LTS), built on Apr  9 2025 22:27:25 by "MicrosoftCorporation" with unknown MS VC++:1939

END.
